Case #1:
100011 5 13 3 31 43 3 73 7 3
101101 3 5 5 3 7 5 3 5 7
110001 7 5 3 11 43 3 5 7 3
