Lorem ipsum dolor sit amet, consectetur adipiscing elit.
Cras eget ante eu est sodales sagittis.
Ut facilisis purus in egestas eleifend.
Nullam quis odio placerat magna varius pellentesque.
Integer dignissim justo a eros laoreet, ut tempor justo suscipit.
Donec porttitor leo eu nibh tincidunt, ut mollis tortor ultrices.

Praesent sit amet massa eu nisl commodo tincidunt non vel neque.
Nulla roblus orci faucibus porttitor ornare.


Sed aliquam lacus eu condimentum tempor.
Praesent eleifend elit quis massa pharetra, quis laoreet massa rhoncus.
Morbi a urna interdum, porttitor est non, malesuada lacus.
