Lorem ipsum dolor sit amet, consectetur adipiscing elit.
Cras eget ante eu est sodales sagittis.
Ut facilisis purus in egestas eleifend.
Nullam quis odio placerat magna varius pellentesque.
