Case #1: 9000
Case #2: 90
Case #3: 110
Case #4: 10
Case #5: 104
Case #6: 70
Case #7: 889
Case #8: 470
Case #9: 345198
Case #10: 265902
Case #11: 497680
Case #12: 69540
Case #13: 230499
Case #14: 91340
Case #15: 91552
Case #16: 163780
Case #17: 116907
Case #18: 85900
Case #19: 499520
Case #20: 362397
Case #21: 131295
Case #22: 223940
Case #23: 502392
Case #24: 597800
Case #25: 600795
Case #26: 491470
Case #27: 152215
Case #28: 57392
Case #29: 363550
Case #30: 219105
Case #31: 127452
Case #32: 207650
Case #33: 155545
Case #34: 279990
Case #35: 82695
Case #36: 582547
Case #37: 58865
Case #38: 58720
Case #39: 304836
Case #40: 123028
Case #41: 159186
Case #42: 305748
Case #43: 302312
Case #44: 400131
Case #45: 86990
Case #46: 362340
Case #47: 355415
Case #48: 265760
Case #49: 260712
Case #50: 584832
Case #51: 260732
Case #52: 245810
Case #53: 695760
Case #54: 410123
Case #55: 107538
Case #56: 170082
Case #57: 656033
Case #58: 103290
Case #59: 342976
Case #60: 459330
Case #61: 189490
Case #62: 96975
Case #63: 479810
Case #64: 82765
Case #65: 227415
Case #66: 398118
Case #67: 83097
Case #68: 198792
Case #69: 355760
Case #70: 349594
Case #71: 309288
Case #72: 124650
Case #73: 969120
Case #74: 450515
Case #75: 261104
Case #76: 311106
Case #77: 236940
Case #78: 201591
Case #79: 138572
Case #80: 201357
Case #81: 93900
Case #82: 156900
Case #83: 308260
Case #84: 336940
Case #85: 289405
Case #86: 157464
Case #87: 132100
Case #88: 357328
Case #89: 392497
Case #90: 237055
Case #91: 135608
Case #92: 102690
Case #93: 51744
Case #94: 580113
Case #95: 390580
Case #96: 57868
Case #97: 183265
Case #98: 305390
Case #99: 287405
Case #100: 290280
Case #101: 307515
Case #102: 358432
Case #103: 245890
Case #104: 132440
Case #105: 293860
Case #106: 182538
Case #107: 456560
Case #108: 386755
Case #109: 177840
Case #110: 105875
Case #111: 293855
Case #112: 371405
Case #113: 219180
Case #114: 545427
Case #115: 292125
Case #116: 156240
Case #117: 523296
Case #118: 58796
Case #119: 485800
Case #120: 750232
Case #121: 245370
Case #122: 475578
Case #123: 164875
Case #124: 494382
Case #125: 415075
Case #126: 89020
Case #127: 68904
Case #128: 222945
Case #129: 304452
Case #130: 445000
Case #131: 235700
Case #132: 186752
Case #133: 276501
Case #134: 365704
Case #135: 101784
Case #136: 565404
Case #137: 180396
Case #138: 271740
Case #139: 129312
Case #140: 619884
Case #141: 121650
Case #142: 309240
Case #143: 172685
Case #144: 87080
Case #145: 94056
Case #146: 384795
Case #147: 55620
Case #148: 309855
Case #149: 190755
Case #150: 381104
Case #151: 450040
Case #152: 577686
Case #153: 291725
Case #154: 376299
Case #155: 408588
Case #156: 795609
Case #157: 297105
Case #158: 309055
Case #159: 91380
Case #160: 276450
Case #161: 403998
Case #162: 227820
Case #163: 375468
Case #164: 448690
Case #165: 155780
Case #166: 108584
Case #167: 356660
Case #168: 254675
Case #169: 278170
Case #170: 375940
Case #171: 244675
Case #172: 286788
Case #173: 157857
Case #174: 120790
Case #175: 332740
Case #176: 210090
Case #177: 303870
Case #178: 467150
Case #179: 645603
Case #180: 174096
Case #181: 98065
Case #182: 122625
Case #183: 147584
Case #184: 91890
Case #185: 256209
Case #186: 265048
Case #187: 230215
Case #188: 120152
Case #189: 477048
Case #190: 196714
Case #191: 122588
Case #192: 452625
Case #193: 460245
Case #194: 690300
Case #195: 610239
Case #196: 214532
Case #197: 36807
Case #198: 198081
Case #199: 160930
Case #200: 191000
Case #201: 200436
Case #202: 158920
Case #203: 298910
Case #204: 498125
Case #205: 252340
Case #206: 82220
Case #207: 584073
Case #208: 92440
Case #209: 385940
Case #210: 309255
Case #211: 162280
Case #212: 198690
Case #213: 304755
Case #214: 78330
Case #215: 504270
Case #216: 561744
Case #217: 184544
Case #218: 165372
Case #219: 153345
Case #220: 90816
Case #221: 365455
Case #222: 122268
Case #223: 391065
Case #224: 542549
Case #225: 54560
Case #226: 304458
Case #227: 493055
Case #228: 333976
Case #229: 173824
Case #230: 243456
Case #231: 424440
Case #232: 153845
Case #233: 334955
Case #234: 388365
Case #235: 283584
Case #236: 388600
Case #237: 239869
Case #238: 139090
Case #239: 367365
Case #240: 120680
Case #241: 79320
Case #242: 313350
Case #243: 399904
Case #244: 111725
Case #245: 368485
Case #246: 155724
Case #247: 390593
Case #248: 509992
Case #249: 208611
Case #250: 238092
Case #251: 376068
Case #252: 368975
Case #253: 234090
Case #254: 159129
Case #255: 243012
Case #256: 461440
Case #257: 249780
Case #258: 312930
Case #259: 99330
Case #260: 136300
Case #261: 213828
Case #262: 162981
Case #263: 559680
Case #264: 900000
Case #265: 250732
Case #266: 257802
Case #267: 331036
Case #268: 470745
Case #269: 358900
Case #270: 190020
Case #271: 113030
Case #272: 558216
Case #273: 442910
Case #274: 359016
Case #275: 146605
Case #276: 440757
Case #277: 357900
Case #278: 982830
Case #279: 372155
Case #280: 361650
Case #281: 259224
Case #282: 182340
Case #283: 407370
Case #284: 242784
Case #285: 214944
Case #286: 215060
Case #287: 354655
Case #288: 447960
Case #289: 111345
Case #290: 235465
Case #291: 399980
Case #292: 374528
Case #293: 275208
Case #294: 565992
Case #295: 422569
Case #296: 568967
Case #297: 95760
Case #298: 606179
Case #299: 265070
Case #300: 473330
Case #301: 90234
Case #302: 272550
Case #303: 430938
Case #304: 408695
Case #305: 67115
Case #306: 375236
Case #307: 140490
Case #308: 496580
Case #309: 549780
Case #310: 399159
Case #311: 448975
Case #312: 86265
Case #313: 469872
Case #314: 355215
Case #315: 330652
Case #316: 101890
Case #317: 170778
Case #318: 152450
Case #319: 460205
Case #320: 280203
Case #321: 143564
Case #322: 271201
Case #323: 416950
Case #324: 429730
Case #325: 47612
Case #326: 189018
Case #327: 424720
Case #328: 393095
Case #329: 289590
Case #330: 64765
Case #331: 485584
Case #332: 296785
Case #333: 104556
Case #334: 426475
Case #335: 264675
Case #336: 560595
Case #337: 350901
Case #338: 308944
Case #339: 140952
Case #340: 423590
Case #341: 90684
Case #342: 630180
Case #343: 580044
Case #344: 485210
Case #345: 600243
Case #346: 175189
Case #347: 624603
Case #348: 574260
Case #349: 329540
Case #350: 238740
Case #351: 733326
Case #352: 253636
Case #353: 576585
Case #354: 362095
Case #355: 126380
Case #356: 164500
Case #357: 173015
Case #358: 125024
Case #359: 545097
Case #360: 263072
Case #361: 281990
Case #362: 279918
Case #363: 347150
Case #364: 324460
Case #365: 341984
Case #366: 576018
Case #367: 450942
Case #368: 113525
Case #369: 157230
Case #370: 104574
Case #371: 363627
Case #372: 237282
Case #373: 369570
Case #374: 85092
Case #375: 249802
Case #376: 371700
Case #377: 142812
Case #378: 303452
Case #379: 350330
Case #380: 280794
Case #381: 430735
Case #382: 429394
Case #383: 199660
Case #384: 468725
Case #385: 219051
Case #386: 214628
Case #387: 411570
Case #388: 239340
Case #389: 537872
Case #390: 192205
Case #391: 253845
Case #392: 299568
Case #393: 543389
Case #394: 315908
Case #395: 317080
Case #396: 92250
Case #397: 106256
Case #398: 343705
Case #399: 81069
Case #400: 235858
Case #401: 420912
Case #402: 579990
Case #403: 306364
Case #404: 179046
Case #405: 162570
Case #406: 319344
Case #407: 86079
Case #408: 429366
Case #409: 119616
Case #410: 249690
Case #411: 105848
Case #412: 724590
Case #413: 401823
Case #414: 96270
Case #415: 106008
Case #416: 263308
Case #417: 377352
Case #418: 293425
Case #419: 480912
Case #420: 386250
Case #421: 516033
Case #422: 960960
Case #423: 495642
Case #424: 125708
Case #425: 507591
Case #426: 147595
Case #427: 156807
Case #428: 467250
Case #429: 275535
Case #430: 233392
Case #431: 162440
Case #432: 303515
Case #433: 458975
Case #434: 92920
Case #435: 317304
Case #436: 238016
Case #437: 226675
Case #438: 198900
Case #439: 455287
Case #440: 568197
Case #441: 240798
Case #442: 130109
Case #443: 202170
Case #444: 307223
Case #445: 259740
Case #446: 550896
Case #447: 133828
Case #448: 350936
Case #449: 151914
Case #450: 323944
Case #451: 359380
Case #452: 729360
Case #453: 155920
Case #454: 155498
Case #455: 446490
Case #456: 232230
Case #457: 89110
Case #458: 379925
Case #459: 164643
Case #460: 223385
Case #461: 223476
Case #462: 479360
Case #463: 99635
Case #464: 728892
Case #465: 648730
Case #466: 282060
Case #467: 257138
Case #468: 497730
Case #469: 331890
Case #470: 257304
Case #471: 403485
Case #472: 100896
Case #473: 457120
Case #474: 300090
Case #475: 300690
Case #476: 71872
Case #477: 559744
Case #478: 588040
Case #479: 173804
Case #480: 357065
Case #481: 238235
Case #482: 269270
Case #483: 316365
Case #484: 343765
Case #485: 456380
Case #486: 309100
Case #487: 793970
Case #488: 569387
Case #489: 487635
Case #490: 480609
Case #491: 65145
Case #492: 83832
Case #493: 180935
Case #494: 272730
Case #495: 305735
Case #496: 275904
Case #497: 206730
Case #498: 139570
Case #499: 183705
Case #500: 343975
Case #501: 283395
Case #502: 229754
Case #503: 291810
Case #504: 203712
Case #505: 371224
Case #506: 177920
Case #507: 798948
Case #508: 497605
Case #509: 796390
Case #510: 54540
Case #511: 49008
Case #512: 448110
Case #513: 429457
Case #514: 357450
Case #515: 585739
Case #516: 438990
Case #517: 202270
Case #518: 182720
Case #519: 241784
Case #520: 135252
Case #521: 85060
Case #522: 207790
Case #523: 431470
Case #524: 176180
Case #525: 620389
Case #526: 234507
Case #527: 173265
Case #528: 650979
Case #529: 117872
Case #530: 91385
Case #531: 237804
Case #532: 478905
Case #533: 377545
Case #534: 554652
Case #535: 294416
Case #536: 149364
Case #537: 134265
Case #538: 726912
Case #539: 424977
Case #540: 399064
Case #541: 201888
Case #542: 306190
Case #543: 343704
Case #544: 154758
Case #545: 210640
Case #546: 484950
Case #547: 60576
Case #548: 70732
Case #549: 90426
Case #550: 491960
Case #551: 490575
Case #552: 293640
Case #553: 370960
Case #554: 72625
Case #555: 618569
Case #556: 59275
Case #557: 694416
Case #558: 251064
Case #559: 94035
Case #560: 252436
Case #561: 203217
Case #562: 250290
Case #563: 156460
Case #564: 330036
Case #565: 182755
Case #566: 589477
Case #567: 466090
Case #568: 393736
Case #569: 301960
Case #570: 208960
Case #571: 302150
Case #572: 364968
Case #573: 190435
Case #574: 646065
Case #575: 451245
Case #576: 115730
Case #577: 103581
Case #578: 376185
Case #579: 270240
Case #580: 229410
Case #581: 92745
Case #582: 281370
Case #583: 369740
Case #584: 105474
Case #585: 247036
Case #586: 81318
Case #587: 276375
Case #588: 162592
Case #589: 346036
Case #590: 124299
Case #591: 182970
Case #592: 145890
Case #593: 364375
Case #594: 306400
Case #595: 174536
Case #596: 249930
Case #597: 300725
Case #598: 225795
Case #599: 182106
Case #600: 499045
Case #601: 574420
Case #602: 495684
Case #603: 234189
Case #604: 358960
Case #605: 299034
Case #606: 178619
Case #607: 151569
Case #608: 555776
Case #609: 154124
Case #610: 563367
Case #611: 212948
Case #612: 327092
Case #613: 145508
Case #614: 243020
Case #615: 147164
Case #616: 890541
Case #617: 469850
Case #618: 294072
Case #619: 390327
Case #620: 398010
Case #621: 133044
Case #622: 74420
Case #623: 599928
Case #624: 137412
Case #625: 101199
Case #626: 140980
Case #627: 699874
Case #628: 135145
Case #629: 340992
Case #630: 210870
Case #631: 107455
Case #632: 204364
Case #633: 900912
Case #634: 356031
Case #635: 569954
Case #636: 279090
Case #637: 455400
Case #638: 162696
Case #639: 245195
Case #640: 147205
Case #641: 293990
Case #642: 433390
Case #643: 132504
Case #644: 316680
Case #645: 722052
Case #646: 355680
Case #647: 129185
Case #648: 562618
Case #649: 597394
Case #650: 367540
Case #651: 300725
Case #652: 368405
Case #653: 327415
Case #654: 690032
Case #655: 140870
Case #656: 130304
Case #657: 690431
Case #658: 139170
Case #659: 162942
Case #660: 144207
Case #661: 468990
Case #662: 579678
Case #663: 297780
Case #664: 748854
Case #665: 727992
Case #666: 399707
Case #667: 330435
Case #668: 409385
Case #669: 272988
Case #670: 372155
Case #671: 89980
Case #672: 305756
Case #673: 478250
Case #674: 303930
Case #675: 129750
Case #676: 371304
Case #677: 180369
Case #678: 437899
Case #679: 564907
Case #680: 208690
Case #681: 448190
Case #682: 330876
Case #683: 713007
Case #684: 318816
Case #685: 252744
Case #686: 271064
Case #687: 142760
Case #688: 396970
Case #689: 595476
Case #690: 303170
Case #691: 91890
Case #692: 89130
Case #693: 303650
Case #694: 266706
Case #695: 357376
Case #696: 300900
Case #697: 269752
Case #698: 297360
Case #699: 78792
Case #700: 175209
Case #701: 591045
Case #702: 318918
Case #703: 118620
Case #704: 180672
Case #705: 145636
Case #706: 116330
Case #707: 249064
Case #708: 198037
Case #709: 375088
Case #710: 111807
Case #711: 150924
Case #712: 298605
Case #713: 312906
Case #714: 359868
Case #715: 291050
Case #716: 774918
Case #717: 541980
Case #718: 789060
Case #719: 342690
Case #720: 191840
Case #721: 309570
Case #722: 87704
Case #723: 496705
Case #724: 46908
Case #725: 106564
Case #726: 680225
Case #727: 201372
Case #728: 597066
Case #729: 290352
Case #730: 347572
Case #731: 210368
Case #732: 438198
Case #733: 65270
Case #734: 906012
Case #735: 311032
Case #736: 393330
Case #737: 199490
Case #738: 365940
Case #739: 111212
Case #740: 799740
Case #741: 556776
Case #742: 153340
Case #743: 493060
Case #744: 211430
Case #745: 263710
Case #746: 497640
Case #747: 713990
Case #748: 331890
Case #749: 339380
Case #750: 283330
Case #751: 271776
Case #752: 106492
Case #753: 197208
Case #754: 377930
Case #755: 215370
Case #756: 104328
Case #757: 539019
Case #758: 256992
Case #759: 190432
Case #760: 387984
Case #761: 372504
Case #762: 153490
Case #763: 82220
Case #764: 269440
Case #765: 152075
Case #766: 76740
Case #767: 327020
Case #768: 294882
Case #769: 157929
Case #770: 195186
Case #771: 73080
Case #772: 107796
Case #773: 204636
Case #774: 154399
Case #775: 293130
Case #776: 104300
Case #777: 120880
Case #778: 432810
Case #779: 618919
Case #780: 710379
Case #781: 304256
Case #782: 59720
Case #783: 114605
Case #784: 462390
Case #785: 428197
Case #786: 234495
Case #787: 586439
Case #788: 213040
Case #789: 192335
Case #790: 384895
Case #791: 106690
Case #792: 173092
Case #793: 440690
Case #794: 206391
Case #795: 172090
Case #796: 369048
Case #797: 334625
Case #798: 215590
Case #799: 356930
Case #800: 78988
Case #801: 69132
Case #802: 55704
Case #803: 293032
Case #804: 378904
Case #805: 337728
Case #806: 130193
Case #807: 321952
Case #808: 145138
Case #809: 750969
Case #810: 561612
Case #811: 102573
Case #812: 492980
Case #813: 45792
Case #814: 432910
Case #815: 103458
Case #816: 106104
Case #817: 499824
Case #818: 395620
Case #819: 227870
Case #820: 428210
Case #821: 440615
Case #822: 213828
Case #823: 344124
Case #824: 480914
Case #825: 337590
Case #826: 74276
Case #827: 364220
Case #828: 167904
Case #829: 207660
Case #830: 103064
Case #831: 577896
Case #832: 440985
Case #833: 476119
Case #834: 341888
Case #835: 300784
Case #836: 349815
Case #837: 441875
Case #838: 136572
Case #839: 226952
Case #840: 214296
Case #841: 282052
Case #842: 432576
Case #843: 280539
Case #844: 209632
Case #845: 250947
Case #846: 181912
Case #847: 363436
Case #848: 89656
Case #849: 107375
Case #850: 400351
Case #851: 264725
Case #852: 361168
Case #853: 130488
Case #854: 434155
Case #855: 156729
Case #856: 303984
Case #857: 259364
Case #858: 220257
Case #859: 488345
Case #860: 309170
Case #861: 147252
Case #862: 498414
Case #863: 359930
Case #864: 405905
Case #865: 427090
Case #866: 464610
Case #867: 189840
Case #868: 162956
Case #869: 589464
Case #870: 453655
Case #871: 648096
Case #872: 563472
Case #873: 477000
Case #874: 286036
Case #875: 91072
Case #876: 142390
Case #877: 388365
Case #878: 454599
Case #879: 495530
Case #880: 364620
Case #881: 363456
Case #882: 184950
Case #883: 157020
Case #884: 128544
Case #885: 271201
Case #886: 162927
Case #887: 489552
Case #888: 54936
Case #889: 427090
Case #890: 299772
Case #891: 460935
Case #892: 576996
Case #893: 217714
Case #894: 271888
Case #895: 297870
Case #896: 96860
Case #897: 193310
Case #898: 358705
Case #899: 283976
Case #900: 110172
Case #901: 279944
Case #902: 215235
Case #903: 141234
Case #904: 281239
Case #905: 354976
Case #906: 246576
Case #907: 384672
Case #908: 340900
Case #909: 79860
Case #910: 119890
Case #911: 299369
Case #912: 374560
Case #913: 220491
Case #914: 473065
Case #915: 207403
Case #916: 92695
Case #917: 806301
Case #918: 291725
Case #919: 446275
Case #920: 721440
Case #921: 395280
Case #922: 652701
Case #923: 384650
Case #924: 96840
Case #925: 105345
Case #926: 171925
Case #927: 299082
Case #928: 449470
Case #929: 398544
Case #930: 225785
Case #931: 95418
Case #932: 40437
Case #933: 292580
Case #934: 452504
Case #935: 158412
Case #936: 470245
Case #937: 231066
Case #938: 75942
Case #939: 490062
Case #940: 669949
Case #941: 290511
Case #942: 353436
Case #943: 465795
Case #944: 410165
Case #945: 180906
Case #946: 558448
Case #947: 230376
Case #948: 253736
Case #949: 217721
Case #950: 252896
Case #951: 121510
Case #952: 313970
Case #953: 144249
Case #954: 579390
Case #955: 520037
Case #956: 433900
Case #957: 459954
Case #958: 357080
Case #959: 278240
Case #960: 477554
Case #961: 192680
Case #962: 583200
Case #963: 346392
Case #964: 281756
Case #965: 485604
Case #966: 536809
Case #967: 369768
Case #968: 831930
Case #969: 96292
Case #970: 224576
Case #971: 224357
Case #972: 230601
Case #973: 361739
Case #974: 73675
Case #975: 278065
Case #976: 400337
Case #977: 95720
Case #978: 282452
Case #979: 409490
Case #980: 278980
Case #981: 430173
Case #982: 665490
Case #983: 373240
Case #984: 239632
Case #985: 202926
Case #986: 907290
Case #987: 304850
Case #988: 173856
Case #989: 200485
Case #990: 336530
Case #991: 226269
Case #992: 241377
Case #993: 229845
Case #994: 105484
Case #995: 65590
Case #996: 424389
Case #997: 348765
Case #998: 526869
Case #999: 320509
Case #1000: 339340
