Case #1: 1
Case #2: 1
Case #3: 2
Case #4: 0
Case #5: 3
Case #6: 1
Case #7: 5
Case #8: 3
Case #9: 2
Case #10: 2
Case #11: 5
Case #12: 5
Case #13: 7
Case #14: 2
Case #15: 2
Case #16: 4
Case #17: 2
Case #18: 5
Case #19: 3
Case #20: 6
Case #21: 1
Case #22: 2
Case #23: 3
Case #24: 2
Case #25: 5
Case #26: 3
Case #27: 0
Case #28: 8
Case #29: 3
Case #30: 5
Case #31: 1
Case #32: 2
Case #33: 2
Case #34: 4
Case #35: 1
Case #36: 3
Case #37: 1
Case #38: 9
Case #39: 5
Case #40: 5
Case #41: 3
Case #42: 5
Case #43: 5
Case #44: 3
Case #45: 6
Case #46: 6
Case #47: 6
Case #48: 2
Case #49: 5
Case #50: 8
Case #51: 6
Case #52: 2
Case #53: 6
Case #54: 4
Case #55: 5
Case #56: 1
Case #57: 5
Case #58: 5
Case #59: 4
Case #60: 0
Case #61: 5
Case #62: 2
Case #63: 6
Case #64: 5
Case #65: 6
Case #66: 3
Case #67: 4
Case #68: 4
Case #69: 1
Case #70: 0
Case #71: 6
Case #72: 0
Case #73: 1
Case #74: 2
Case #75: 5
Case #76: 5
Case #77: 4
Case #78: 1
Case #79: 4
Case #80: 6
Case #81: 5
Case #82: 9
Case #83: 5
Case #84: 5
Case #85: 5
Case #86: 2
Case #87: 4
Case #88: 4
Case #89: 7
Case #90: 3
Case #91: 6
Case #92: 0
Case #93: 3
Case #94: 10
Case #95: 5
Case #96: 5
Case #97: 2
Case #98: 1
Case #99: 2
Case #100: 5
